// Jest Snapshot v1, https://goo.gl/fbAQLP

exports[`App should match the Snapshot 1`] = `
<Provider
  store={
    Object {
      "dispatch": [Function],
      "getState": [Function],
      "replaceReducer": [Function],
      "subscribe": [Function],
      Symbol(observable): [Function],
    }
  }
>
  <styled.div
    className="App"
  >
    Hello World
    <Connect(Reviews) />
  </styled.div>
</Provider>
`;
