// Jest Snapshot v1, https://goo.gl/fbAQLP

exports[`App should match the Snapshot 1`] = `
<ContextConsumer>
  <Component />
</ContextConsumer>
`;
